{Abha=-12.5/17.8/50.0, Abidjan=-3.7/26.1/59.6, Abéché=-6.1/29.5/61.4, Accra=-8.5/26.4/59.9, Addis Ababa=-19.5/15.5/48.6, Adelaide=-24.1/17.2/49.7, Aden=-0.5/29.2/61.4, Ahvaz=-12.3/25.3/61.1, Albuquerque=-20.7/14.0/49.2, Alexandra=-19.1/10.8/50.6, Alexandria=-16.3/20.1/54.4, Algiers=-18.2/18.6/50.7, Alice Springs=-12.8/20.7/53.6, Almaty=-24.6/10.1/49.3, Amsterdam=-28.2/10.4/45.2, Anadyr=-44.1/-6.7/26.8, Anchorage=-35.5/3.1/43.0, Andorra la Vella=-25.1/10.0/45.5, Ankara=-22.0/11.6/48.8, Antananarivo=-23.4/17.8/51.6, Antsiranana=-10.5/25.4/62.6, Arkhangelsk=-36.0/1.1/43.6, Ashgabat=-20.5/16.8/51.0, Asmara=-23.8/15.4/49.0, Assab=-6.6/30.8/67.1, Astana=-32.6/3.3/45.6, Athens=-21.0/19.6/50.4, Atlanta=-22.9/17.1/62.9, Auckland=-18.1/15.1/50.0, Austin=-13.8/20.6/53.4, Baghdad=-13.5/22.7/60.8, Baguio=-17.0/19.2/59.5, Baku=-22.9/15.1/50.5, Baltimore=-26.0/13.2/58.1, Bamako=-3.6/27.5/62.3, Bangkok=-2.5/28.5/64.4, Bangui=-2.6/25.9/59.0, Banjul=-8.8/26.6/60.5, Barcelona=-18.3/18.2/50.5, Bata=-14.3/25.2/62.3, Batumi=-17.2/14.4/47.4, Beijing=-24.4/13.0/42.9, Beirut=-12.2/20.5/54.9, Belgrade=-19.9/12.4/51.5, Belize City=-6.9/26.6/70.9, Benghazi=-19.4/19.9/54.6, Bergen=-23.0/7.8/42.6, Berlin=-23.4/9.8/43.1, Bilbao=-21.2/14.6/50.1, Birao=-7.9/26.5/59.1, Bishkek=-22.1/11.1/42.9, Bissau=-6.9/26.7/63.4, Blantyre=-21.4/22.4/56.8, Bloemfontein=-19.4/15.5/50.9, Boise=-24.1/11.5/43.7, Bordeaux=-22.2/14.1/44.4, Bosaso=-9.2/29.9/65.4, Boston=-29.0/10.7/46.1, Bouaké=-5.3/26.2/59.1, Bratislava=-29.8/10.5/43.0, Brazzaville=-9.2/24.7/55.5, Bridgetown=-1.8/27.0/59.3, Brisbane=-14.7/21.3/53.0, Brussels=-25.3/10.2/42.1, Bucharest=-23.5/11.2/42.1, Budapest=-22.2/11.6/50.9, Bujumbura=-9.0/24.1/59.0, Bulawayo=-17.4/18.8/53.4, Burnie=-20.9/13.1/45.9, Busan=-29.8/15.2/50.8, Cabo San Lucas=-8.8/24.1/54.1, Cairns=-8.4/24.5/63.6, Cairo=-11.9/21.4/56.6, Calgary=-29.2/4.3/38.1, Canberra=-22.9/13.0/46.7, Cape Town=-14.8/16.5/54.5, Changsha=-13.7/17.4/52.6, Charlotte=-22.2/15.6/45.7, Chiang Mai=-8.9/25.9/61.5, Chicago=-26.0/9.7/41.9, Chihuahua=-19.9/18.7/50.3, Chittagong=-8.4/25.8/68.2, Chișinău=-21.4/10.3/46.6, Chongqing=-19.3/18.7/53.7, Christchurch=-22.1/12.5/44.7, City of San Marino=-20.9/11.9/43.2, Colombo=-12.8/27.3/61.0, Columbus=-19.7/11.5/43.6, Conakry=-13.6/26.3/61.9, Copenhagen=-23.1/9.2/41.4, Cotonou=-8.1/26.8/67.0, Cracow=-33.4/9.4/45.0, Da Lat=-13.2/18.0/51.9, Da Nang=-9.4/25.9/59.1, Dakar=-6.8/24.2/63.7, Dallas=-13.5/19.4/55.0, Damascus=-15.4/16.7/51.2, Dampier=-5.3/26.5/60.0, Dar es Salaam=-8.8/25.8/58.7, Darwin=-9.4/27.6/56.8, Denpasar=-11.6/24.1/62.0, Denver=-22.3/10.6/51.7, Detroit=-27.7/9.9/41.0, Dhaka=-8.2/25.9/61.9, Dikson=-47.1/-10.8/24.0, Dili=-4.0/26.6/59.8, Djibouti=-6.3/30.0/62.6, Dodoma=-10.9/22.6/51.1, Dolisie=-10.2/24.0/54.9, Douala=-7.0/26.6/59.5, Dubai=-7.8/27.0/57.3, Dublin=-27.0/9.9/43.4, Dunedin=-21.0/10.9/41.2, Durban=-10.7/21.0/55.5, Dushanbe=-21.3/14.5/47.7, Edinburgh=-22.7/9.5/43.9, Edmonton=-33.9/4.0/47.4, El Paso=-20.1/18.6/50.8, Entebbe=-11.0/20.9/55.9, Erbil=-17.6/19.4/56.8, Erzurum=-26.9/5.0/41.0, Fairbanks=-38.1/-2.3/33.4, Fianarantsoa=-18.8/18.1/55.3, Flores,  Petén=-12.1/26.5/62.8, Frankfurt=-35.3/10.8/45.4, Fresno=-15.3/18.0/53.5, Fukuoka=-19.7/17.1/53.8, Gaborone=-14.4/20.8/50.3, Gabès=-15.2/19.7/56.6, Gagnoa=-5.8/25.9/59.7, Gangtok=-18.5/14.8/48.9, Garissa=-6.1/29.5/59.8, Garoua=-2.1/28.4/61.3, George Town=-13.7/28.0/60.1, Ghanzi=-17.9/21.4/61.3, Gjoa Haven=-48.2/-14.4/18.6, Guadalajara=-15.3/21.1/61.3, Guangzhou=-13.9/22.5/56.1, Guatemala City=-15.5/20.6/54.0, Halifax=-25.3/7.6/43.9, Hamburg=-26.0/9.6/45.6, Hamilton=-21.3/13.8/43.4, Hanga Roa=-10.5/20.6/52.6, Hanoi=-13.2/23.7/60.6, Harare=-19.1/18.5/54.5, Harbin=-27.9/4.9/42.2, Hargeisa=-13.5/21.8/53.7, Hat Yai=-8.5/26.4/59.0, Havana=-18.4/25.3/60.1, Helsinki=-30.8/6.2/39.5, Heraklion=-20.0/19.1/55.3, Hiroshima=-29.2/16.0/55.0, Ho Chi Minh City=-4.9/27.5/57.2, Hobart=-22.3/12.7/46.0, Hong Kong=-16.7/23.2/60.5, Honiara=-11.9/26.6/58.9, Honolulu=-15.9/25.2/61.0, Houston=-9.7/20.4/55.3, Ifrane=-23.9/11.0/44.2, Indianapolis=-24.2/12.3/45.9, Iqaluit=-43.6/-9.6/21.7, Irkutsk=-33.8/1.0/37.6, Istanbul=-21.5/13.8/48.9, Jacksonville=-18.1/20.4/53.5, Jakarta=-9.5/26.9/59.8, Jayapura=-4.7/26.9/62.2, Jerusalem=-17.8/18.2/50.1, Johannesburg=-19.1/15.7/49.3, Jos=-13.3/23.1/55.6, Juba=-10.3/27.4/62.5, Kabul=-33.1/12.6/44.6, Kampala=-9.5/20.3/52.7, Kandi=-3.3/27.5/61.8, Kankan=-3.4/26.8/59.6, Kano=-0.5/26.6/59.3, Kansas City=-21.6/12.7/52.1, Karachi=-8.5/25.9/58.8, Karonga=-8.2/24.1/58.3, Kathmandu=-14.6/18.3/52.8, Khartoum=-3.2/29.8/68.6, Kingston=-6.6/27.1/61.0, Kinshasa=-13.7/25.4/59.7, Kolkata=-11.8/26.9/61.4, Kuala Lumpur=-6.6/27.5/61.7, Kumasi=-8.4/26.2/63.7, Kunming=-29.2/15.7/50.7, Kuopio=-29.8/3.3/36.9, Kuwait City=-10.1/25.3/60.6, Kyiv=-22.3/8.1/41.4, Kyoto=-19.2/15.6/55.9, La Ceiba=-8.5/26.0/65.4, La Paz=-10.1/23.8/57.2, Lagos=-18.5/26.7/65.5, Lahore=-12.2/23.9/54.0, Lake Havasu City=-6.4/23.8/61.2, Lake Tekapo=-27.7/8.7/46.5, Las Palmas de Gran Canaria=-16.3/21.1/61.0, Las Vegas=-14.2/20.4/54.2, Launceston=-19.4/13.0/45.9, Lhasa=-25.0/7.8/40.4, Libreville=-6.2/25.6/59.0, Lisbon=-23.9/17.5/55.3, Livingstone=-14.7/21.7/56.3, Ljubljana=-20.0/11.1/45.2, Lodwar=-3.5/29.4/60.8, Lomé=-4.1/26.8/58.8, London=-22.5/11.3/44.9, Los Angeles=-17.6/18.7/54.6, Louisville=-19.3/13.8/48.6, Luanda=-6.8/25.7/59.4, Lubumbashi=-12.2/21.0/53.5, Lusaka=-16.2/19.3/55.3, Luxembourg City=-24.1/9.5/44.6, Lviv=-29.2/7.8/43.0, Lyon=-17.5/12.7/48.7, Madrid=-21.2/15.0/46.4, Mahajanga=-5.9/26.4/61.3, Makassar=-10.1/26.7/63.3, Makurdi=-8.1/25.8/59.3, Malabo=-7.4/26.2/65.2, Malé=-1.9/27.7/65.6, Managua=-6.0/27.0/62.0, Manama=-6.8/26.6/67.8, Mandalay=-7.7/28.3/64.2, Mango=-3.0/28.0/58.6, Manila=-6.5/28.2/61.2, Maputo=-9.0/22.8/57.7, Marrakesh=-10.2/19.8/49.9, Marseille=-18.0/15.6/50.5, Maun=-13.9/22.5/60.7, Medan=-8.7/26.5/58.1, Mek'ele=-11.9/22.8/63.4, Melbourne=-17.3/15.4/51.9, Memphis=-18.1/17.0/49.4, Mexicali=-11.5/23.3/61.8, Mexico City=-17.1/17.6/49.3, Miami=-12.6/24.7/62.3, Milan=-17.3/13.0/48.8, Milwaukee=-26.6/8.6/46.2, Minneapolis=-26.5/7.6/48.6, Minsk=-25.3/6.8/38.7, Mogadishu=-11.7/27.1/64.2, Mombasa=-14.1/26.3/59.2, Monaco=-14.5/16.0/51.3, Moncton=-27.7/6.1/40.8, Monterrey=-15.5/22.4/57.3, Montreal=-29.9/7.2/45.3, Moscow=-28.4/6.2/40.9, Mumbai=-13.5/27.3/62.5, Murmansk=-34.2/0.7/40.7, Muscat=-2.7/28.1/61.5, Mzuzu=-17.4/17.3/51.4, N'Djamena=-6.2/28.1/60.4, Naha=-10.5/22.7/54.0, Nairobi=-21.5/17.6/46.9, Nakhon Ratchasima=-5.5/27.5/60.8, Napier=-22.1/14.4/47.1, Napoli=-17.2/15.8/49.6, Nashville=-20.5/15.4/47.9, Nassau=-10.3/24.7/58.4, Ndola=-14.4/20.2/53.9, New Delhi=-13.1/24.6/61.3, New Orleans=-17.8/20.7/55.1, New York City=-18.6/13.1/47.1, Ngaoundéré=-10.2/21.9/54.5, Niamey=-3.5/29.2/62.2, Nicosia=-21.4/19.5/56.2, Niigata=-19.2/14.5/57.7, Nouadhibou=-16.0/21.8/61.7, Nouakchott=-6.7/25.7/60.2, Novosibirsk=-38.9/1.5/38.8, Nuuk=-39.5/-1.2/40.0, Odesa=-26.2/10.7/49.5, Odienné=-7.5/26.0/59.5, Oklahoma City=-20.5/15.9/51.4, Omaha=-26.3/10.7/40.1, Oranjestad=-2.2/28.1/59.3, Oslo=-28.9/5.5/39.7, Ottawa=-25.0/6.7/41.2, Ouagadougou=-7.0/28.2/63.4, Ouahigouya=-5.6/28.6/65.4, Ouarzazate=-17.6/18.8/48.9, Oulu=-33.2/2.6/35.8, Palembang=-7.2/27.2/58.3, Palermo=-11.8/18.2/51.3, Palm Springs=-10.0/24.5/59.8, Palmerston North=-18.3/13.3/52.1, Panama City=-13.8/28.0/61.1, Parakou=-11.7/27.1/65.8, Paris=-28.1/12.3/44.0, Perth=-11.5/18.7/53.3, Petropavlovsk-Kamchatsky=-34.3/1.8/37.5, Philadelphia=-18.9/13.2/49.0, Phnom Penh=-4.7/28.1/65.0, Phoenix=-8.6/24.0/58.7, Pittsburgh=-23.1/10.7/41.8, Podgorica=-18.9/15.2/51.4, Pointe-Noire=-14.9/26.0/57.6, Pontianak=-12.6/27.2/69.9, Port Moresby=-3.9/26.8/60.2, Port Sudan=-5.3/28.4/62.4, Port Vila=-9.7/24.4/56.1, Port-Gentil=-3.5/25.8/61.3, Portland (OR)=-27.1/11.9/42.6, Porto=-15.6/15.3/49.1, Prague=-23.4/8.4/39.6, Praia=-5.9/24.5/62.2, Pretoria=-13.5/18.1/51.9, Pyongyang=-22.5/11.1/43.3, Rabat=-15.8/17.0/53.7, Rangpur=-17.4/24.5/66.6, Reggane=-10.1/28.3/60.2, Reykjavík=-29.2/4.3/40.1, Riga=-31.4/6.3/45.1, Riyadh=-10.1/26.0/65.0, Rome=-18.7/15.0/54.4, Roseau=-8.6/26.1/63.7, Rostov-on-Don=-28.9/9.7/46.9, Sacramento=-18.4/16.1/60.7, Saint Petersburg=-36.1/5.6/42.0, Saint-Pierre=-26.6/5.7/48.0, Salt Lake City=-21.5/11.5/47.1, San Antonio=-16.5/20.6/56.8, San Diego=-17.0/17.8/48.9, San Francisco=-23.2/14.8/48.9, San Jose=-15.3/16.7/49.8, San José=-17.1/22.9/56.8, San Juan=-6.1/27.2/61.5, San Salvador=-19.9/23.2/59.0, Sana'a=-10.3/19.9/54.0, Santo Domingo=-11.0/26.1/63.1, Sapporo=-21.2/8.7/47.1, Sarajevo=-18.5/10.3/49.4, Saskatoon=-31.5/3.0/38.5, Seattle=-23.6/11.1/45.4, Seoul=-20.4/12.4/45.7, Seville=-15.5/19.2/54.2, Shanghai=-16.5/16.4/49.2, Singapore=-6.0/27.2/58.9, Skopje=-19.7/12.4/47.1, Sochi=-19.2/14.3/43.6, Sofia=-28.0/10.2/41.4, Sokoto=-5.9/28.0/59.9, Split=-19.5/16.3/54.5, St. John's=-38.1/5.2/36.3, St. Louis=-17.4/13.7/47.7, Stockholm=-25.5/6.4/46.4, Surabaya=-9.4/27.3/69.5, Suva=-6.5/25.8/71.0, Suwałki=-25.8/6.9/41.9, Sydney=-17.5/17.6/55.2, Ségou=-10.6/28.7/69.8, Tabora=-10.3/23.0/52.4, Tabriz=-19.5/12.8/49.6, Taipei=-7.0/22.8/58.4, Tallinn=-33.0/6.2/38.6, Tamale=-10.0/28.0/63.2, Tamanrasset=-11.7/21.8/62.9, Tampa=-18.4/22.5/58.0, Tashkent=-17.0/14.6/46.8, Tauranga=-15.3/14.8/46.5, Tbilisi=-20.3/12.8/45.1, Tegucigalpa=-11.5/21.7/57.6, Tehran=-15.9/16.9/58.9, Tel Aviv=-16.9/19.9/56.1, Thessaloniki=-15.0/16.0/53.9, Thiès=-8.0/24.0/56.3, Tijuana=-13.9/17.9/47.9, Timbuktu=-14.9/28.2/59.8, Tirana=-19.5/15.2/55.9, Toamasina=-14.2/23.1/53.0, Tokyo=-13.0/15.6/49.5, Toliara=-12.5/24.3/57.7, Toluca=-22.1/12.6/47.8, Toronto=-23.6/9.5/44.0, Tripoli=-13.6/19.9/55.8, Tromsø=-29.9/3.0/34.6, Tucson=-16.8/20.9/56.2, Tunis=-13.6/18.2/53.3, Ulaanbaatar=-36.8/-0.4/30.0, Upington=-10.4/20.1/55.4, Vaduz=-23.3/9.7/43.9, Valencia=-15.6/18.0/60.3, Valletta=-15.5/18.7/51.1, Vancouver=-25.1/10.6/44.4, Veracruz=-10.6/25.5/56.4, Vienna=-27.1/10.7/42.8, Vientiane=-3.7/25.9/57.8, Villahermosa=-7.7/27.0/62.9, Vilnius=-32.3/6.1/40.5, Virginia Beach=-18.0/15.7/52.0, Vladivostok=-32.6/4.7/37.7, Warsaw=-25.4/8.7/45.7, Washington, D.C.=-20.2/14.5/53.7, Wau=-10.0/27.4/66.1, Wellington=-26.9/12.8/44.7, Whitehorse=-36.1/0.0/35.0, Wichita=-17.5/14.1/47.3, Willemstad=-6.8/28.1/62.7, Winnipeg=-29.9/3.4/39.4, Wrocław=-28.4/9.3/40.0, Xi'an=-21.0/13.8/45.9, Yakutsk=-44.8/-9.0/24.2, Yangon=-7.2/27.4/61.2, Yaoundé=-8.4/23.7/59.5, Yellowknife=-39.8/-4.6/31.5, Yerevan=-27.0/12.4/46.3, Yinchuan=-26.1/9.2/37.7, Zagreb=-26.5/10.7/43.5, Zanzibar City=-6.8/25.9/64.7, Zürich=-30.1/9.3/53.2, Ürümqi=-24.8/7.7/43.1, İzmir=-13.8/18.4/50.5}
